2026-10-03 22:22:03,335  Loaded 15 existing results from phase3_5_results.csv
2026-10-03 22:22:03,336  Loading data ...
2026-10-03 22:22:11,240  Splitting data (stratified 80/20, seed=42) ...
2026-10-03 22:22:11,855  Train: (182431, 174)  |  Val: (45608, 174)
2026-10-03 22:22:11,855  Best existing LR: Macro F1=0.7959  params={"imputation": "median", "C": 10.0, "penalty": "l2", "solver": "lbfgs", "class_weight": null, "max_iter": 1000}
2026-10-03 22:22:11,885  ============================================================
2026-10-03 22:22:11,885  HISTGRADIENTBOOSTING — Optuna (30 trials, class_weight=None, max_iter<=200)
2026-10-03 22:22:11,885  ============================================================
2026-10-03 22:22:21,751    HGB #0 -> MF1=0.5658  lr=0.0711  leaves=50  depth=6  iter=200  [9.7s]
2026-10-03 22:24:35,674    HGB #1 -> MF1=0.7535  lr=0.0343  leaves=44  depth=7  iter=200  [130.9s]
2026-10-03 22:24:43,910    HGB #2 -> MF1=0.6405  lr=0.2040  leaves=27  depth=4  iter=100  [8.0s]
2026-10-03 22:24:48,309    HGB #3 -> MF1=0.5325  lr=0.0811  leaves=45  depth=4  iter=100  [4.2s]
2026-10-03 22:24:55,843    HGB #4 -> MF1=0.5624  lr=0.0857  leaves=28  depth=6  iter=200  [7.3s]
2026-10-03 22:25:44,776    HGB #5 -> MF1=0.7473  lr=0.1215  leaves=22  depth=8  iter=100  [47.9s]
2026-10-03 22:26:50,220    HGB #6 -> MF1=0.7294  lr=0.0605  leaves=48  depth=6  iter=100  [63.7s]
2026-10-03 22:29:04,494    HGB #7 -> MF1=0.7464  lr=0.0325  leaves=30  depth=7  iter=200  [131.4s]
2026-10-03 22:30:26,811    HGB #8 -> MF1=0.7584  lr=0.1056  leaves=59  depth=7  iter=100  [80.0s]
2026-10-03 22:30:32,378    HGB #9 -> MF1=0.5586  lr=0.1189  leaves=23  depth=4  iter=200  [5.4s]
2026-10-03 22:31:44,207    HGB #10 -> MF1=0.7360  lr=0.1199  leaves=54  depth=6  iter=100  [70.0s]
2026-10-03 22:34:41,066    HGB #11 -> MF1=0.7588  lr=0.0404  leaves=37  depth=7  iter=200  [172.2s]
2026-10-03 22:36:08,021    HGB #12 -> MF1=0.7390  lr=0.0552  leaves=42  depth=7  iter=100  [85.2s]
2026-10-03 22:38:29,121    HGB #13 -> MF1=0.7714  lr=0.0892  leaves=42  depth=7  iter=200  [137.0s]
2026-10-03 22:41:20,709    HGB #14 -> MF1=0.7641  lr=0.0508  leaves=44  depth=8  iter=200  [167.3s]
2026-10-03 22:43:52,380    HGB #15 -> MF1=0.7693  lr=0.0512  leaves=40  depth=8  iter=200  [148.0s]
2026-10-03 22:46:04,434    HGB #16 -> MF1=0.7715  lr=0.0663  leaves=38  depth=7  iter=200  [128.6s]
2026-10-03 22:48:09,041    HGB #17 -> MF1=0.7563  lr=0.0586  leaves=47  depth=6  iter=200  [121.2s]
2026-10-03 22:50:29,622    HGB #18 -> MF1=0.7549  lr=0.0403  leaves=38  depth=7  iter=200  [137.3s]
2026-10-03 22:52:42,383    HGB #19 -> MF1=0.7719  lr=0.1159  leaves=36  depth=7  iter=200  [128.8s]
2026-10-03 22:56:34,185    HGB #20 -> MF1=0.7765  lr=0.1051  leaves=28  depth=7  iter=200  [224.8s]
2026-10-03 22:58:55,473    HGB #21 -> MF1=0.7695  lr=0.0617  leaves=30  depth=7  iter=200  [138.4s]
2026-10-03 23:01:03,545    HGB #22 -> MF1=0.7786  lr=0.0990  leaves=37  depth=7  iter=200  [124.6s]
2026-10-03 23:03:04,514    HGB #23 -> MF1=0.7801  lr=0.1433  leaves=37  depth=7  iter=200  [117.6s]
2026-10-03 23:04:58,637    HGB #24 -> MF1=0.7731  lr=0.0606  leaves=28  depth=7  iter=200  [111.4s]
2026-10-03 23:07:17,137    HGB #25 -> MF1=0.7632  lr=0.1782  leaves=40  depth=8  iter=200  [134.6s]
2026-10-03 23:11:06,411    HGB #26 -> MF1=0.7778  lr=0.1589  leaves=37  depth=7  iter=200  [224.0s]
2026-10-03 23:13:56,224    HGB #27 -> MF1=0.7767  lr=0.1764  leaves=33  depth=8  iter=200  [166.6s]
2026-10-03 23:16:43,289    HGB #28 -> MF1=0.7553  lr=0.2317  leaves=41  depth=7  iter=200  [162.8s]
2026-10-03 23:19:36,700    HGB #29 -> MF1=0.7760  lr=0.1526  leaves=30  depth=6  iter=200  [168.9s]
2026-10-03 23:19:36,720  Best HGB Macro F1 = 0.7801
2026-10-03 23:19:36,751  ============================================================
2026-10-03 23:19:36,752  LIGHTGBM — Optuna (50 trials)
2026-10-03 23:19:36,752  ============================================================
2026-10-03 23:22:22,138    LGB #0 -> MF1=0.7961  lr=0.0357  leaves=152  n_est=500  cw=balanced  [151.3s]
2026-10-03 23:23:14,689    LGB #1 -> MF1=0.7933  lr=0.2708  leaves=58  n_est=500  cw=balanced  [51.0s]
2026-10-03 23:25:11,113    LGB #2 -> MF1=0.7581  lr=0.0270  leaves=102  n_est=200  cw=balanced  [115.3s]
2026-10-03 23:26:09,452    LGB #3 -> MF1=0.7114  lr=0.2521  leaves=166  n_est=500  cw=None  [56.2s]
2026-10-03 23:29:10,346    LGB #4 -> MF1=0.7762  lr=0.0241  leaves=76  n_est=400  cw=balanced  [178.3s]
2026-10-03 23:29:19,267    LGB #5 -> MF1=0.5221  lr=0.2300  leaves=55  n_est=100  cw=None  [8.7s]
2026-10-03 23:30:39,192    LGB #6 -> MF1=0.7599  lr=0.0161  leaves=33  n_est=500  cw=None  [77.5s]
2026-10-03 23:31:15,199    LGB #7 -> MF1=0.6844  lr=0.0129  leaves=40  n_est=200  cw=balanced  [35.1s]
2026-10-03 23:32:29,857    LGB #8 -> MF1=0.7929  lr=0.2044  leaves=41  n_est=300  cw=balanced  [73.3s]
2026-10-03 23:32:45,887    LGB #9 -> MF1=0.6262  lr=0.0144  leaves=135  n_est=100  cw=balanced  [15.6s]
2026-10-03 23:34:47,394    LGB #10 -> MF1=0.7695  lr=0.0151  leaves=170  n_est=400  cw=balanced  [117.8s]
2026-10-03 23:36:22,560    LGB #11 -> MF1=0.7967  lr=0.1058  leaves=90  n_est=500  cw=balanced  [91.8s]
2026-10-03 23:38:00,545    LGB #12 -> MF1=0.7971  lr=0.0903  leaves=174  n_est=500  cw=balanced  [94.4s]
2026-10-03 23:39:04,696    LGB #13 -> MF1=0.7972  lr=0.1309  leaves=30  n_est=500  cw=balanced  [62.0s]
2026-10-03 23:41:46,130    LGB #14 -> MF1=0.7923  lr=0.1187  leaves=195  n_est=500  cw=balanced  [155.4s]
2026-10-03 23:43:19,222    LGB #15 -> MF1=0.7995  lr=0.0657  leaves=30  n_est=500  cw=balanced  [90.9s]
2026-10-03 23:45:12,618    LGB #16 -> MF1=0.7975  lr=0.0750  leaves=36  n_est=500  cw=balanced  [110.8s]
2026-10-03 23:46:27,420    LGB #17 -> MF1=0.8022  lr=0.0818  leaves=21  n_est=500  cw=balanced  [72.5s]
2026-10-03 23:48:04,149    LGB #18 -> MF1=0.7963  lr=0.0547  leaves=27  n_est=500  cw=balanced  [94.0s]
2026-10-03 23:49:14,007    LGB #19 -> MF1=0.5903  lr=0.0985  leaves=24  n_est=500  cw=balanced  [67.8s]
2026-10-03 23:51:28,888    LGB #20 -> MF1=0.7977  lr=0.0467  leaves=52  n_est=500  cw=balanced  [132.1s]
2026-10-03 23:53:10,273    LGB #21 -> MF1=0.7994  lr=0.0914  leaves=47  n_est=400  cw=balanced  [99.3s]
2026-10-03 23:54:42,924    LGB #22 -> MF1=0.7950  lr=0.0944  leaves=65  n_est=300  cw=balanced  [91.1s]
2026-10-03 23:55:53,729    LGB #23 -> MF1=0.7973  lr=0.1281  leaves=32  n_est=500  cw=balanced  [68.8s]
2026-10-03 23:56:53,696    LGB #24 -> MF1=0.7976  lr=0.1147  leaves=23  n_est=400  cw=balanced  [58.5s]
2026-10-03 23:57:51,088    LGB #25 -> MF1=0.7977  lr=0.0743  leaves=20  n_est=500  cw=balanced  [55.7s]
2026-10-03 23:59:51,374    LGB #26 -> MF1=0.7959  lr=0.0411  leaves=49  n_est=500  cw=balanced  [116.8s]
2026-10-04 00:00:51,456    LGB #27 -> MF1=0.7936  lr=0.2159  leaves=24  n_est=400  cw=balanced  [58.5s]
2026-10-04 00:02:07,121    LGB #28 -> MF1=0.7973  lr=0.1021  leaves=61  n_est=500  cw=balanced  [73.1s]
2026-10-04 00:04:09,880    LGB #29 -> MF1=0.7950  lr=0.0518  leaves=58  n_est=500  cw=balanced  [119.9s]
2026-10-04 00:05:28,211    LGB #30 -> MF1=0.7963  lr=0.1092  leaves=40  n_est=400  cw=balanced  [76.4s]
2026-10-04 00:06:49,118    LGB #31 -> MF1=0.7958  lr=0.0492  leaves=26  n_est=500  cw=balanced  [78.6s]
2026-10-04 00:08:23,491    LGB #32 -> MF1=0.7925  lr=0.0391  leaves=33  n_est=500  cw=balanced  [92.0s]
2026-10-04 00:09:36,514    LGB #33 -> MF1=0.7997  lr=0.1168  leaves=33  n_est=500  cw=balanced  [70.9s]
2026-10-04 00:11:09,464    LGB #34 -> MF1=0.7940  lr=0.1565  leaves=65  n_est=500  cw=balanced  [90.5s]
2026-10-04 00:12:13,063    LGB #35 -> MF1=0.7995  lr=0.0860  leaves=23  n_est=500  cw=balanced  [61.5s]
2026-10-04 00:13:20,210    LGB #36 -> MF1=0.8018  lr=0.0782  leaves=20  n_est=500  cw=balanced  [65.0s]
2026-10-04 00:14:28,059    LGB #37 -> MF1=0.7976  lr=0.1068  leaves=34  n_est=500  cw=balanced  [65.6s]
2026-10-04 00:15:59,789    LGB #38 -> MF1=0.7999  lr=0.0647  leaves=45  n_est=500  cw=balanced  [89.2s]
2026-10-04 00:17:27,084    LGB #39 -> MF1=0.8002  lr=0.1117  leaves=38  n_est=500  cw=balanced  [85.0s]
2026-10-04 00:18:29,265    LGB #40 -> MF1=0.7951  lr=0.0563  leaves=21  n_est=500  cw=balanced  [60.0s]
2026-10-04 00:19:53,573    LGB #41 -> MF1=0.7996  lr=0.0720  leaves=41  n_est=500  cw=balanced  [81.6s]
2026-10-04 00:21:14,586    LGB #42 -> MF1=0.7996  lr=0.1007  leaves=25  n_est=500  cw=balanced  [78.9s]
2026-10-04 00:22:43,030    LGB #43 -> MF1=0.7995  lr=0.0704  leaves=52  n_est=500  cw=balanced  [85.9s]
2026-10-04 00:23:42,226    LGB #44 -> MF1=0.7924  lr=0.0537  leaves=25  n_est=400  cw=balanced  [57.5s]
2026-10-04 00:24:47,369    LGB #45 -> MF1=0.7981  lr=0.1018  leaves=26  n_est=500  cw=balanced  [63.0s]
2026-10-04 00:25:36,346    LGB #46 -> MF1=0.0359  lr=0.1743  leaves=38  n_est=500  cw=balanced  [47.8s]
2026-10-04 00:26:56,968    LGB #47 -> MF1=0.7985  lr=0.1021  leaves=49  n_est=500  cw=balanced  [78.2s]
2026-10-04 00:28:08,491    LGB #48 -> MF1=0.8026  lr=0.0792  leaves=30  n_est=500  cw=balanced  [69.3s]
2026-10-04 00:29:13,766    LGB #49 -> MF1=0.7995  lr=0.1415  leaves=20  n_est=500  cw=balanced  [63.4s]
2026-10-04 00:29:13,773  Best LGB Macro F1 = 0.8026
2026-10-04 00:29:13,779  Re-predicting best LR for per-class report ...
2026-10-04 00:29:24,270  LR re-prediction done.
2026-10-04 00:29:24,270  Saving final outputs ...
2026-10-04 00:29:24,397  All outputs saved.
